
> rachelfoods-backend@1.0.0 test
> jest order-creation

node.exe : ts-jest[ts-jest-transformer] (WARN) Define `ts-jest` config 
under `globals` is deprecated. Please do
At line:1 char:1
+ & "C:\Program Files\nodejs/node.exe" "C:\Program Files\nodejs/node_mo 
...
+ ~~~~~~~~~~~~~~~~~~~~~~~~~~~~~~~~~~~~~~~~~~~~~~~~~~~~~~~~~~~~~~~~~~~~~
    + CategoryInfo          : NotSpecified: (ts-jest[ts-jest...ated. Pl 
   ease do:String) [], RemoteException
    + FullyQualifiedErrorId : NativeCommandError
 
transform: {
    <transform_regex>: ['ts-jest', { /* ts-jest config goes here in 
Jest */ }],
},
See more at https://kulshekhar.github.io/ts-jest/docs/getting-started/pr
esets#advanced
ts-jest[config] (WARN) 
    The "ts-jest" config option "isolatedModules" is deprecated and 
will be removed in v30.0.0. Please use "isolatedModules: true" in 
C:/Projects/Dev/Rachel Foods/backend/tsconfig.json instead, see 
https://www.typescriptlang.org/tsconfig/#isolatedModules
  
[31m[Nest] 17372  - [39m01/15/2026, 9:30:26 AM [31m  ERROR[39m 
[38;5;3m[OrderService] [39mObject(4) {
  event: [32m'event_emission_failed'[39m,
  eventType: [32m'order.confirmed'[39m,
  orderId: [32m'order-1'[39m,
  error: [32m"Cannot read properties of undefined (reading 
'toNumber')"[39m
}
FAIL test/order-creation.spec.ts
  OrderService - Order Creation
    Stripe Payment Orders
      ├ù should create order with valid Stripe payment intent (19 ms)
      ├ù should reject order with invalid payment intent (6 ms)
      ├ù should reject Stripe order without payment intent (6 ms)
    COD Payment Orders
      ΓêÜ should create COD order without payment intent (5 ms)
      ΓêÜ should calculate total correctly for COD orders (5 ms)
    Order Status Transitions
      ΓêÜ should transition PENDING ΓåÆ CONFIRMED on seller acceptance 
(5 ms)
      ΓêÜ should prevent invalid status transitions (23 ms)
    Invariant: Order Integrity
      ├ù should ensure order total matches item sum + shipping (4 ms)

  ΓùÅ OrderService - Order Creation ΓÇ║ Stripe Payment Orders ΓÇ║ 
should create order with valid Stripe payment intent

    expect(jest.fn()).toHaveBeenCalledWith(...expected)

    Expected: "pi_test_123"

    Number of calls: 0

    [0m [90m 228 |[39m
     [90m 229 |[39m             [90m// Assert[39m
    [31m[1m>[22m[39m[90m 230 |[39m             expect(mockPaymentS
ervice[33m.[39mvalidatePaymentIntent)[33m.[39mtoHaveBeenCalledWith(
[32m'pi_test_123'[39m)[33m;[39m
     [90m     |[39m                                                   
           [31m[1m^[22m[39m
     [90m 231 |[39m             expect(mockPrisma[33m.[39morders[33
m.[39mcreate)[33m.[39mtoHaveBeenCalled()[33m;[39m
     [90m 232 |[39m             expect(result[33m.[39mpaymentMethod)
[33m.[39mtoBe([32m'STRIPE'[39m)[33m;[39m
     [90m 233 |[39m             expect(result[33m.[39mstatus)[33m.
[39mtoBe([32m'PENDING'[39m)[33m;[39m[0m

      at Object.<anonymous> (test/order-creation.spec.ts:230:62)

  ΓùÅ OrderService - Order Creation ΓÇ║ Stripe Payment Orders ΓÇ║ 
should reject order with invalid payment intent

    expect(received).rejects.toThrow()

    Received promise resolved instead of rejected
    Resolved to value: {"buyerId": "user-1", "createdAt": 
2026-01-15T08:30:26.944Z, "deliveryPhone": "555-0100", "id": "order-1", 
"orderNumber": "ORD-001", "paymentIntentId": "pi_test_123", 
"paymentMethod": "STRIPE", "shippingCost": 0, "status": "PENDING", 
"subtotal": 20, "tax": 0, "total": 20, "totalCost": "20", "userId": 
"user-1", "users": {"email": "user@example.com", "phone": "555-0100"}, 
"walletUsed": "0"}

    [0m [90m 258 |[39m
     [90m 259 |[39m             [90m// Act & Assert[39m
    [31m[1m>[22m[39m[90m 260 |[39m             [36mawait[39m 
expect(
     [90m     |[39m                   [31m[1m^[22m[39m
     [90m 261 |[39m                 
service[33m.[39mcreate(createOrderDto[33m,[39m [32m'user-1'[39m)
     [90m 262 |[39m             )[33m.[39mrejects[33m.[39mtoThrow(
[33mBadRequestException[39m)[33m;[39m
     [90m 263 |[39m[0m

      at expect (../node_modules/expect/build/index.js:2116:15)
      at Object.<anonymous> (test/order-creation.spec.ts:260:19)

  ΓùÅ OrderService - Order Creation ΓÇ║ Stripe Payment Orders ΓÇ║ 
should reject Stripe order without payment intent

    expect(received).rejects.toThrow()

    Received promise resolved instead of rejected
    Resolved to value: {"buyerId": "user-1", "createdAt": 
2026-01-15T08:30:26.944Z, "deliveryPhone": "555-0100", "id": "order-1", 
"orderNumber": "ORD-001", "paymentIntentId": "pi_test_123", 
"paymentMethod": "STRIPE", "shippingCost": 0, "status": "PENDING", 
"subtotal": 20, "tax": 0, "total": 20, "totalCost": "20", "userId": 
"user-1", "users": {"email": "user@example.com", "phone": "555-0100"}, 
"walletUsed": "0"}

    [0m [90m 285 |[39m
     [90m 286 |[39m             [90m// Act & Assert[39m
    [31m[1m>[22m[39m[90m 287 |[39m             [36mawait[39m 
expect(
     [90m     |[39m                   [31m[1m^[22m[39m
     [90m 288 |[39m                 
service[33m.[39mcreate(createOrderDto[33m,[39m [32m'user-1'[39m)
     [90m 289 |[39m             
)[33m.[39mrejects[33m.[39mtoThrow([32m'Payment intent required for 
Stripe orders'[39m)[33m;[39m
     [90m 290 |[39m         })[33m;[39m[0m

      at expect (../node_modules/expect/build/index.js:2116:15)
      at Object.<anonymous> (test/order-creation.spec.ts:287:19)

  ΓùÅ OrderService - Order Creation ΓÇ║ Invariant: Order Integrity ΓÇ║ 
should ensure order total matches item sum + shipping

    expect(received).toBe(expected) // Object.is equality

    Expected: 40
    Received: undefined

    [0m [90m 560 |[39m             mockPrisma[33m.[39morders[33m.
[39mcreate[33m.[39mmockImplementation((args[33m:[39m any) 
[33m=>[39m {
     [90m 561 |[39m                 [90m// Verify the total 
matches[39m
    [31m[1m>[22m[39m[90m 562 |[39m                 expect(args[33
m.[39mdata[33m.[39mtotal)[33m.[39mtoBe(expectedTotal)[33m;[39m
     [90m     |[39m                                         
[31m[1m^[22m[39m
     [90m 563 |[39m                 [36mreturn[39m 
[33mPromise[39m[33m.[39mresolve({
     [90m 564 |[39m                     id[33m:[39m 
[32m'order-1'[39m[33m,[39m
     [90m 565 |[39m                     total[33m:[39m 
args[33m.[39mdata[33m.[39mtotal[33m,[39m[0m

      at Object.<anonymous> (test/order-creation.spec.ts:562:41)
      at src/orders/order.service.ts:232:43
      at OrderService.create (src/orders/order.service.ts:60:16)
      at Object.<anonymous> (test/order-creation.spec.ts:570:13)

Test Suites: 1 failed, 1 total
Tests:       4 failed, 4 passed, 8 total
Snapshots:   0 total
Time:        1.597 s, estimated 2 s
Ran all test suites matching order-creation.
npm error Lifecycle script `test` failed with error:
npm error code 1
npm error path C:\Projects\Dev\Rachel Foods\backend
npm error workspace rachelfoods-backend@1.0.0
npm error location C:\Projects\Dev\Rachel Foods\backend
npm error command failed
npm error command C:\WINDOWS\system32\cmd.exe /d /s /c jest 
order-creation
